ASxxxx Linker V03.00 + NoICE + sdld,  page 1.
Hexadecimal  [32-Bits]

Area                                    Addr        Size        Decimal Bytes (Attributes)
--------------------------------        ----        ----        ------- ----- ------------
CABS                                00000000    00000000 =           0. bytes (ABS,CON,CODE)

      Value  Global                              Global Defined In Module
      -----  --------------------------------   ------------------------
C:   00000000  l_BIT_BANK                      
C:   00000000  l_CABS                          
C:   00000000  l_GSINIT                        
C:   00000000  l_GSINIT1                       
C:   00000000  l_GSINIT5                       
C:   00000000  l_IABS                          
C:   00000000  l_ISEG                          
C:   00000000  l_OSEG                          
C:   00000000  l_PSEG                          
C:   00000000  l_REG_BANK_2                    
C:   00000000  l_REG_BANK_3                    
C:   00000000  l_RSEG                          
C:   00000000  l_RSEG0                         
C:   00000000  l_RSEG1                         
C:   00000000  l_XABS                          
C:   00000000  l_XINIT                         
C:   00000000  l_XISEG                         
C:   00000000  l__CODE                         
C:   00000000  s_BSEG                          
C:   00000000  s_CABS                          
C:   00000000  s_DSEG                          
C:   00000000  s_HOME                          
C:   00000000  s_IABS                          
C:   00000000  s_ISEG                          
C:   00000000  s_REG_BANK_0                    
C:   00000000  s_RSEG                          
C:   00000000  s_RSEG0                         
C:   00000000  s_RSEG1                         
C:   00000000  s_XABS                          
C:   00000001  l_BSEG_BYTES                    
C:   00000001  s_PSEG                          
C:   00000001  s_XSEG                          
C:   00000003  l_CONST                         
C:   00000003  l_GSFINAL                       
C:   00000003  l_GSINIT0                       
C:   00000004  l_BSEG                          
C:   00000008  l_REG_BANK_0                    
C:   00000008  l_REG_BANK_1                    
C:   00000008  s_REG_BANK_1                    
C:   0000000A  l_GSINIT2                       
C:   00000010  s_REG_BANK_2                    
C:   00000018  s_BIT_BANK                      
C:   00000018  s_OSEG                          
C:   00000018  s_REG_BANK_3                    
C:   00000020  s_BSEG_BYTES                    
C:   00000020  s__CODE                         
C:   00000021  s_SSEG                          
C:   00000022  l_GSINIT3                       
C:   00000029  l_HOME                          
C:   00000029  s_GSINIT0                       
ASxxxx Linker V03.00 + NoICE + sdld,  page 2.
Hexadecimal  [32-Bits]

Area                                    Addr        Size        Decimal Bytes (Attributes)
--------------------------------        ----        ----        ------- ----- ------------
CABS                                00000000    00000000 =           0. bytes (ABS,CON,CODE)

      Value  Global                              Global Defined In Module
      -----  --------------------------------   ------------------------
C:   0000002A  l_GSINIT4                       
C:   0000002C  s_GSINIT1                       
C:   0000002C  s_GSINIT2                       
C:   00000036  s_GSINIT3                       
C:   00000058  s_GSINIT4                       
C:   00000073  l_DSEG                          
C:   00000082  s_GSFINAL                       
C:   00000082  s_GSINIT                        
C:   00000082  s_GSINIT5                       
C:   00000085  s_CSEG                          
C:   000000DF  l_SSEG                          
C:   00000100  l_IRAM                          
C:   00000204  l_XSEG                          
C:   00000205  s_XISEG                         
C:   00000258  l_CSEG                          
C:   000002DD  s_CONST                         
C:   000002E0  s_XINIT                         

ASxxxx Linker V03.00 + NoICE + sdld,  page 3.
Hexadecimal  [32-Bits]

Area                                    Addr        Size        Decimal Bytes (Attributes)
--------------------------------        ----        ----        ------- ----- ------------
.  .ABS.                            00000000    00000000 =           0. bytes (ABS,CON)

      Value  Global                              Global Defined In Module
      -----  --------------------------------   ------------------------
     00000000  .__.ABS.                           _startup
     00000080  _P0                                serial
     00000080  _P0_0                              serial
     00000081  _P0_1                              serial
     00000081  _SP                                serial
     00000082  _DPL                               serial
     00000082  _P0_2                              serial
     00000083  _DPH                               serial
     00000083  _P0_3                              serial
     00000084  _P0_4                              serial
     00000085  _P0_5                              serial
     00000086  _P0_6                              serial
     00000087  _P0_7                              serial
     00000087  _PCON                              serial
     00000088  _IT0                               serial
     00000088  _TCON                              serial
     00000089  _IE0                               serial
     00000089  _TMOD                              serial
     0000008A  _IT1                               serial
     0000008A  _TL0                               serial
     0000008B  _IE1                               serial
     0000008B  _TL1                               serial
     0000008C  _TH0                               serial
     0000008C  _TR0                               serial
     0000008D  _TF0                               serial
     0000008D  _TH1                               serial
     0000008E  _TR1                               serial
     0000008F  _TF1                               serial
     00000090  _P1                                serial
     00000090  _P1_0                              serial
     00000091  _P1_1                              serial
     00000092  _P1_2                              serial
     00000093  _P1_3                              serial
     00000094  _P1_4                              serial
     00000095  _P1_5                              serial
     00000096  _P1_6                              serial
     00000097  _P1_7                              serial
     00000098  _RI                                serial
     00000098  _SCON                              serial
     00000099  _SBUF                              serial
     00000099  _TI                                serial
     0000009A  _RB8                               serial
     0000009B  _TB8                               serial
     0000009C  _REN                               serial
     0000009D  _SM2                               serial
     0000009E  _SM1                               serial
     0000009F  _SM0                               serial
     000000A0  _P2                                serial
     000000A0  _P2_0                              serial
     000000A0  __XPAGE                            
ASxxxx Linker V03.00 + NoICE + sdld,  page 4.
Hexadecimal  [32-Bits]

Area                                    Addr        Size        Decimal Bytes (Attributes)
--------------------------------        ----        ----        ------- ----- ------------
.  .ABS.                            00000000    00000000 =           0. bytes (ABS,CON)

      Value  Global                              Global Defined In Module
      -----  --------------------------------   ------------------------
     000000A1  _P2_1                              serial
     000000A2  _P2_2                              serial
     000000A3  _P2_3                              serial
     000000A4  _P2_4                              serial
     000000A5  _P2_5                              serial
     000000A6  _P2_6                              serial
     000000A7  _P2_7                              serial
     000000A8  _EX0                               serial
     000000A8  _IE                                serial
     000000A9  _ET0                               serial
     000000AA  _EX1                               serial
     000000AB  _ET1                               serial
     000000AC  _ES                                serial
     000000AD  _ET2                               serial
     000000AF  _EA                                serial
     000000B0  _P3                                serial
     000000B0  _P3_0                              serial
     000000B0  _RXD                               serial
     000000B1  _P3_1                              serial
     000000B1  _TXD                               serial
     000000B2  _INT0                              serial
     000000B2  _P3_2                              serial
     000000B3  _INT1                              serial
     000000B3  _P3_3                              serial
     000000B4  _P3_4                              serial
     000000B4  _T0                                serial
     000000B5  _P3_5                              serial
     000000B5  _T1                                serial
     000000B6  _P3_6                              serial
     000000B6  _WR                                serial
     000000B7  _P3_7                              serial
     000000B7  _RD                                serial
     000000B8  _IP                                serial
     000000B8  _PX0                               serial
     000000B9  _PT0                               serial
     000000BA  _PX1                               serial
     000000BB  _PT1                               serial
     000000BC  _PS                                serial
     000000BD  _PT2                               serial
     000000C8  _CP_RL2                            serial
     000000C8  _T2CON                             serial
     000000C8  _T2CON_0                           serial
     000000C9  _C_T2                              serial
     000000C9  _T2CON_1                           serial
     000000CA  _RCAP2L                            serial
     000000CA  _T2CON_2                           serial
     000000CA  _TR2                               serial
     000000CB  _EXEN2                             serial
     000000CB  _RCAP2H                            serial
     000000CB  _T2CON_3                           serial
     000000CC  _T2CON_4                           serial
ASxxxx Linker V03.00 + NoICE + sdld,  page 5.
Hexadecimal  [32-Bits]

Area                                    Addr        Size        Decimal Bytes (Attributes)
--------------------------------        ----        ----        ------- ----- ------------
.  .ABS.                            00000000    00000000 =           0. bytes (ABS,CON)

      Value  Global                              Global Defined In Module
      -----  --------------------------------   ------------------------
     000000CC  _TCLK                              serial
     000000CC  _TL2                               serial
     000000CD  _RCLK                              serial
     000000CD  _T2CON_5                           serial
     000000CD  _TH2                               serial
     000000CE  _EXF2                              serial
     000000CE  _T2CON_6                           serial
     000000CF  _T2CON_7                           serial
     000000CF  _TF2                               serial
     000000D0  _P                                 serial
     000000D0  _PSW                               serial
     000000D1  _F1                                serial
     000000D2  _OV                                serial
     000000D3  _RS0                               serial
     000000D4  _RS1                               serial
     000000D5  _F0                                serial
     000000D6  _AC                                serial
     000000D7  _CY                                serial
     000000E0  _ACC                               serial
     000000F0  _B                                 serial
     000000F5  _B_5                               _gptrget
     000000F6  _B_6                               _gptrget
     000000F7  _B_7                               _gptrget

ASxxxx Linker V03.00 + NoICE + sdld,  page 6.
Hexadecimal  [32-Bits]

Area                                    Addr        Size        Decimal Bytes (Attributes)
--------------------------------        ----        ----        ------- ----- ------------
BSEG_BYTES                          00000020    00000001 =           1. bytes (REL,CON)

      Value  Global                              Global Defined In Module
      -----  --------------------------------   ------------------------
ASxxxx Linker V03.00 + NoICE + sdld,  page 7.
Hexadecimal  [32-Bits]

Area                                    Addr        Size        Decimal Bytes (Attributes)
--------------------------------        ----        ----        ------- ----- ------------
REG_BANK_0                          00000000    00000008 =           8. bytes (REL,OVR)

      Value  Global                              Global Defined In Module
      -----  --------------------------------   ------------------------
ASxxxx Linker V03.00 + NoICE + sdld,  page 8.
Hexadecimal  [32-Bits]

Area                                    Addr        Size        Decimal Bytes (Attributes)
--------------------------------        ----        ----        ------- ----- ------------
REG_BANK_1                          00000008    00000008 =           8. bytes (REL,OVR)

      Value  Global                              Global Defined In Module
      -----  --------------------------------   ------------------------
ASxxxx Linker V03.00 + NoICE + sdld,  page 9.
Hexadecimal  [32-Bits]

Area                                    Addr        Size        Decimal Bytes (Attributes)
--------------------------------        ----        ----        ------- ----- ------------
DSEG                                00000000    00000073 =         115. bytes (REL,CON)

      Value  Global                              Global Defined In Module
      -----  --------------------------------   ------------------------
     00000010  _TI1                               serial
     00000011  _display_PARM_2                    serial
     00000012  _bp                                _bp
ASxxxx Linker V03.00 + NoICE + sdld,  page 10.
Hexadecimal  [32-Bits]

Area                                    Addr        Size        Decimal Bytes (Attributes)
--------------------------------        ----        ----        ------- ----- ------------
SSEG                                00000021    000000DF =         223. bytes (REL,OVR)

      Value  Global                              Global Defined In Module
      -----  --------------------------------   ------------------------
     00000021  __start__stack                     1602

ASxxxx Linker V03.00 + NoICE + sdld,  page 11.
Hexadecimal  [32-Bits]

Area                                    Addr        Size        Decimal Bytes (Attributes)
--------------------------------        ----        ----        ------- ----- ------------
XSEG                                00000001    00000204 =         516. bytes (REL,CON,XDATA)

      Value  Global                              Global Defined In Module
      -----  --------------------------------   ------------------------
ASxxxx Linker V03.00 + NoICE + sdld,  page 12.
Hexadecimal  [32-Bits]

Area                                    Addr        Size        Decimal Bytes (Attributes)
--------------------------------        ----        ----        ------- ----- ------------
HOME                                00000000    00000029 =          41. bytes (REL,CON,CODE)

      Value  Global                              Global Defined In Module
      -----  --------------------------------   ------------------------
C:   00000026  __sdcc_program_startup             1602

ASxxxx Linker V03.00 + NoICE + sdld,  page 13.
Hexadecimal  [32-Bits]

Area                                    Addr        Size        Decimal Bytes (Attributes)
--------------------------------        ----        ----        ------- ----- ------------
GSINIT0                             00000029    00000003 =           3. bytes (REL,CON,CODE)

      Value  Global                              Global Defined In Module
      -----  --------------------------------   ------------------------
C:   00000029  __sdcc_gsinit_startup              

ASxxxx Linker V03.00 + NoICE + sdld,  page 14.
Hexadecimal  [32-Bits]

Area                                    Addr        Size        Decimal Bytes (Attributes)
--------------------------------        ----        ----        ------- ----- ------------
GSINIT2                             0000002C    0000000A =          10. bytes (REL,CON,CODE)

      Value  Global                              Global Defined In Module
      -----  --------------------------------   ------------------------
ASxxxx Linker V03.00 + NoICE + sdld,  page 15.
Hexadecimal  [32-Bits]

Area                                    Addr        Size        Decimal Bytes (Attributes)
--------------------------------        ----        ----        ------- ----- ------------
GSINIT3                             00000036    00000022 =          34. bytes (REL,CON,CODE)

      Value  Global                              Global Defined In Module
      -----  --------------------------------   ------------------------
C:   00000036  __mcs51_genXINIT                   

ASxxxx Linker V03.00 + NoICE + sdld,  page 16.
Hexadecimal  [32-Bits]

Area                                    Addr        Size        Decimal Bytes (Attributes)
--------------------------------        ----        ----        ------- ----- ------------
GSINIT4                             00000058    0000002A =          42. bytes (REL,CON,CODE)

      Value  Global                              Global Defined In Module
      -----  --------------------------------   ------------------------
C:   00000058  __mcs51_genRAMCLEAR                
C:   0000005E  __mcs51_genXRAMCLEAR               

ASxxxx Linker V03.00 + NoICE + sdld,  page 17.
Hexadecimal  [32-Bits]

Area                                    Addr        Size        Decimal Bytes (Attributes)
--------------------------------        ----        ----        ------- ----- ------------
GSFINAL                             00000082    00000003 =           3. bytes (REL,CON,CODE)

      Value  Global                              Global Defined In Module
      -----  --------------------------------   ------------------------
ASxxxx Linker V03.00 + NoICE + sdld,  page 18.
Hexadecimal  [32-Bits]

Area                                    Addr        Size        Decimal Bytes (Attributes)
--------------------------------        ----        ----        ------- ----- ------------
CSEG                                00000085    00000258 =         600. bytes (REL,CON,CODE)

      Value  Global                              Global Defined In Module
      -----  --------------------------------   ------------------------
C:   00000085  _main                              1602
C:   00000089  _putc                              serial
C:   00000098  _sendstr                           serial
C:   0000016D  _display                           serial
C:   000001E0  _serial_init                       serial
C:   00000211  _serial_interrupt_handler          serial
C:   00000272  _serial_putc                       serial
C:   00000293  _serial_getc                       serial
C:   000002BD  __gptrget                          _gptrget
C:   000002D9  __sdcc_external_startup            _startup

ASxxxx Linker V03.00 + NoICE + sdld,  page 19.
Hexadecimal  [32-Bits]

Area                                    Addr        Size        Decimal Bytes (Attributes)
--------------------------------        ----        ----        ------- ----- ------------
CONST                               000002DD    00000003 =           3. bytes (REL,CON,CODE)

      Value  Global                              Global Defined In Module
      -----  --------------------------------   ------------------------
ASxxxx Linker V03.00 + NoICE + sdld,  page 20.

Files Linked                              [ module(s) ]

1602.rel                                  [  ]
serial.rel                                [  ]


Libraries Linked                          [ object file ]

/usr/bin/../share/sdcc/lib/small/mcs51.lib
                                          [ crtclear.rel ]
/usr/bin/../share/sdcc/lib/small/mcs51.lib
                                          [ crtxinit.rel ]
/usr/bin/../share/sdcc/lib/small/mcs51.lib
                                          [ crtxclear.rel ]
/usr/bin/../share/sdcc/lib/small/libsdcc.lib
                                          [ serial.rel ]
/usr/bin/../share/sdcc/lib/small/libsdcc.lib
                                          [ _bp.rel ]
/usr/bin/../share/sdcc/lib/small/mcs51.lib
                                          [ crtpagesfr.rel ]
/usr/bin/../share/sdcc/lib/small/mcs51.lib
                                          [ crtstart.rel ]
/usr/bin/../share/sdcc/lib/small/libsdcc.lib
                                          [ _gptrget.rel ]
/usr/bin/../share/sdcc/lib/small/libsdcc.lib
                                          [ _startup.rel ]

ASxxxx Linker V03.00 + NoICE + sdld,  page 21.

User Base Address Definitions

HOME = 0x0000
XSEG = 0x0001
PSEG = 0x0001
ISEG = 0x0000
BSEG = 0x0000

